matrixcalc_AMD64 @ MOHAMMED_ADHIL:  ----------
                                    Infos #: 0
                                    ----------

matrixcalc_AMD64 @ MOHAMMED_ADHIL:  -------------
                                    WARNINGS #: 0
                                    -------------

matrixcalc_AMD64 @ MOHAMMED_ADHIL:  -----------
                                    ERRORS #: 0
                                    -----------

matrixcalc_AMD64 @ MOHAMMED_ADHIL:  ----------
                                    Infos #: 0
                                    ----------

matrixcalc_AMD64 @ MOHAMMED_ADHIL:  -------------
                                    WARNINGS #: 0
                                    -------------

matrixcalc_AMD64 @ MOHAMMED_ADHIL:  -----------
                                    ERRORS #: 0
                                    -----------

matrixcalc_AMD64 @ MOHAMMED_ADHIL:  ----------
                                    Infos #: 0
                                    ----------

matrixcalc_AMD64 @ MOHAMMED_ADHIL:  -------------
                                    WARNINGS #: 0
                                    -------------

matrixcalc_AMD64 @ MOHAMMED_ADHIL:  -----------
                                    ERRORS #: 0
                                    -----------

matrixcalc_AMD64 @ MOHAMMED_ADHIL:  ----------
                                    Infos #: 0
                                    ----------

matrixcalc_AMD64 @ MOHAMMED_ADHIL:  -------------
                                    WARNINGS #: 0
                                    -------------

matrixcalc_AMD64 @ MOHAMMED_ADHIL:  -----------
                                    ERRORS #: 0
                                    -----------

matrixcalc_AMD64 @ MOHAMMED_ADHIL:  ----------
                                    Infos #: 0
                                    ----------

matrixcalc_AMD64 @ MOHAMMED_ADHIL:  -------------
                                    WARNINGS #: 0
                                    -------------

matrixcalc_AMD64 @ MOHAMMED_ADHIL:  -----------
                                    ERRORS #: 0
                                    -----------

matrixcalc_AMD64 @ MOHAMMED_ADHIL:  ----------
                                    Infos #: 0
                                    ----------

matrixcalc_AMD64 @ MOHAMMED_ADHIL:  -------------
                                    WARNINGS #: 0
                                    -------------

matrixcalc_AMD64 @ MOHAMMED_ADHIL:  -----------
                                    ERRORS #: 0
                                    -----------

matrixcalc_AMD64 @ MOHAMMED_ADHIL:  ----------
                                    Infos #: 0
                                    ----------

matrixcalc_AMD64 @ MOHAMMED_ADHIL:  -------------
                                    WARNINGS #: 0
                                    -------------

matrixcalc_AMD64 @ MOHAMMED_ADHIL:  -----------
                                    ERRORS #: 0
                                    -----------

matrixcalc_AMD64 @ MOHAMMED_ADHIL:  ----------
                                    Infos #: 0
                                    ----------

matrixcalc_AMD64 @ MOHAMMED_ADHIL:  -------------
                                    WARNINGS #: 0
                                    -------------

matrixcalc_AMD64 @ MOHAMMED_ADHIL:  -----------
                                    ERRORS #: 0
                                    -----------

