04/Nov/2025 10:03:43  Build version: 2019.0 Release from 2018-09-20 (change 633648)

04/Nov/2025 10:03:43  Starting adaptive port meshing.
                      
                      ------------------------------------------------------------------------------
04/Nov/2025 10:03:43  Mode calculation for port 1:
                      
                      ------------------------------------------------------------------------------

                      ------------------------------------------------------------------------------

                      ------------------------------------------------------------------------------
04/Nov/2025 10:03:51  Port mode solver: Detected dispersive material(s) at port 1. 
                      Using a constant approximation of dispersive material(s) at 25 GHz and neglecting loss terms.  More...
                      
                      ------------------------------------------------------------------------------
04/Nov/2025 10:03:52    -------------------------------- F-Calc 25 ---------------------------------
                        Port   Mode   Type        Z-Wave        Z-Wave-Sigma  Z-Line        F-Cutoff
                        1      1      QTEM        268           1.56e-005     48.3          ---
                        ----------------------------------------------------------------------------
                      
04/Nov/2025 10:03:53  *** Warning ***
                      
04/Nov/2025 10:03:53  Some higher order propagating modes at port 1 are not considered in time domain calculation. This possibly leads to an 
                      inaccurate energy balance. Consider to increase the number of modes or decrease the upper frequency limit. More...
                      
                      ------------------------------------------------------------------------------
04/Nov/2025 10:03:55  Pass 1 successfully completed. 

                      ------------------------------------------------------------------------------

                      ------------------------------------------------------------------------------
04/Nov/2025 10:04:07    -------------------------------- F-Calc 25 ---------------------------------
                        Port   Mode   Type        Z-Wave        Z-Wave-Sigma  Z-Line        F-Cutoff
                        1      1      QTEM        281           9.80e-011     49.8          ---
                        ----------------------------------------------------------------------------
                      
04/Nov/2025 10:04:09  Pass 2 successfully completed. Delta (Line Imp.): 3.09%

                      ------------------------------------------------------------------------------

                      ------------------------------------------------------------------------------
04/Nov/2025 10:04:28    -------------------------------- F-Calc 25 ---------------------------------
                        Port   Mode   Type        Z-Wave        Z-Wave-Sigma  Z-Line        F-Cutoff
                        1      1      QTEM        297           1.42e-010     50.4          ---
                        ----------------------------------------------------------------------------
                      
04/Nov/2025 10:04:31  Pass 3 successfully completed. Delta (Line Imp.): 1.13%

                      ------------------------------------------------------------------------------

                      ------------------------------------------------------------------------------
04/Nov/2025 10:04:54    -------------------------------- F-Calc 25 ---------------------------------
                        Port   Mode   Type        Z-Wave        Z-Wave-Sigma  Z-Line        F-Cutoff
                        1      1      QTEM        318           2.26e-009     50.5          ---
                        ----------------------------------------------------------------------------
                      
04/Nov/2025 10:04:56  Pass 4 successfully completed. Delta (Line Imp.): 0.32%
04/Nov/2025 10:04:56  Mode calculation for port 2:
                      
                      ------------------------------------------------------------------------------

                      ------------------------------------------------------------------------------

                      ------------------------------------------------------------------------------
04/Nov/2025 10:05:03  Port mode solver: Detected dispersive material(s) at port 2. 
                      Using a constant approximation of dispersive material(s) at 25 GHz and neglecting loss terms.  More...
                      
                      ------------------------------------------------------------------------------
04/Nov/2025 10:05:04    -------------------------------- F-Calc 25 ---------------------------------
                        Port   Mode   Type        Z-Wave        Z-Wave-Sigma  Z-Line        F-Cutoff
                        2      1      QTEM        268           1.56e-005     48.3          ---
                        ----------------------------------------------------------------------------
                      
04/Nov/2025 10:05:04  *** Warning ***
                      
04/Nov/2025 10:05:04  Some higher order propagating modes at port 2 are not considered in time domain calculation. This possibly leads to an 
                      inaccurate energy balance. Consider to increase the number of modes or decrease the upper frequency limit. More...
                      
                      ------------------------------------------------------------------------------
04/Nov/2025 10:05:06  Pass 1 successfully completed. 

                      ------------------------------------------------------------------------------

                      ------------------------------------------------------------------------------
04/Nov/2025 10:05:15    -------------------------------- F-Calc 25 ---------------------------------
                        Port   Mode   Type        Z-Wave        Z-Wave-Sigma  Z-Line        F-Cutoff
                        2      1      QTEM        281           7.66e-011     49.8          ---
                        ----------------------------------------------------------------------------
                      
04/Nov/2025 10:05:17  Pass 2 successfully completed. Delta (Line Imp.): 3.09%

                      ------------------------------------------------------------------------------

                      ------------------------------------------------------------------------------
04/Nov/2025 10:05:31    -------------------------------- F-Calc 25 ---------------------------------
                        Port   Mode   Type        Z-Wave        Z-Wave-Sigma  Z-Line        F-Cutoff
                        2      1      QTEM        297           7.34e-011     50.4          ---
                        ----------------------------------------------------------------------------
                      
04/Nov/2025 10:05:33  Pass 3 successfully completed. Delta (Line Imp.): 1.13%

                      ------------------------------------------------------------------------------

                      ------------------------------------------------------------------------------
04/Nov/2025 10:05:53    -------------------------------- F-Calc 25 ---------------------------------
                        Port   Mode   Type        Z-Wave        Z-Wave-Sigma  Z-Line        F-Cutoff
                        2      1      QTEM        318           3.76e-009     50.5          ---
                        ----------------------------------------------------------------------------
                      
04/Nov/2025 10:05:55  Pass 4 successfully completed. Delta (Line Imp.): 0.32%
04/Nov/2025 10:05:55  Adaptive port meshing finished. 
                      
                      ------------------------------------------------------------------------------
04/Nov/2025 10:06:02  *** Error ***
                      
                      Template based post-processing result "S1,1_1D_ScaleAxis":
                      Error in calling "Evaluate1DComplex" function (The specified result item does
                      not exist: "1D Results\S-Parameters\S1,1".)
                      
                      ------------------------------------------------------------------------------
04/Nov/2025 10:06:08  *** Error ***
                      
                      Template based post-processing result "S2,1_1D_ScaleAxis":
                      Error in calling "Evaluate1DComplex" function (The specified result item does
                      not exist: "1D Results\S-Parameters\S2,1".)
                      
                      ------------------------------------------------------------------------------
04/Nov/2025 10:06:08  Creating parametric 1D results for Run ID 1
                      
                      ------------------------------------------------------------------------------
